Archive member included to satisfy reference by file (symbol)

c:/program files (x86)/atollic/truestudio for stm32 9.3.0/armtools/bin/../lib/gcc/arm-atollic-eabi/6.3.1/../../../../arm-atollic-eabi/lib/armv7e-m/fpu\libc_nano.a(lib_a-errno.o)
                              Src\syscalls.o (__errno)
c:/program files (x86)/atollic/truestudio for stm32 9.3.0/armtools/bin/../lib/gcc/arm-atollic-eabi/6.3.1/../../../../arm-atollic-eabi/lib/armv7e-m/fpu\libc_nano.a(lib_a-impure.o)
                              c:/program files (x86)/atollic/truestudio for stm32 9.3.0/armtools/bin/../lib/gcc/arm-atollic-eabi/6.3.1/../../../../arm-atollic-eabi/lib/armv7e-m/fpu\libc_nano.a(lib_a-errno.o) (_impure_ptr)
c:/program files (x86)/atollic/truestudio for stm32 9.3.0/armtools/bin/../lib/gcc/arm-atollic-eabi/6.3.1/../../../../arm-atollic-eabi/lib/armv7e-m/fpu\libc_nano.a(lib_a-init.o)
                              startup\startup_stm32l476xx.o (__libc_init_array)
c:/program files (x86)/atollic/truestudio for stm32 9.3.0/armtools/bin/../lib/gcc/arm-atollic-eabi/6.3.1/../../../../arm-atollic-eabi/lib/armv7e-m/fpu\libc_nano.a(lib_a-memset.o)
                              Src\gpio.o (memset)
c:/program files (x86)/atollic/truestudio for stm32 9.3.0/armtools/bin/../lib/gcc/arm-atollic-eabi/6.3.1/armv7e-m/fpu\libgcc.a(_aeabi_uldivmod.o)
                              Drivers\STM32L4xx_HAL_Driver\Src\stm32l4xx_hal_uart.o (__aeabi_uldivmod)
c:/program files (x86)/atollic/truestudio for stm32 9.3.0/armtools/bin/../lib/gcc/arm-atollic-eabi/6.3.1/armv7e-m/fpu\libgcc.a(_udivmoddi4.o)
                              c:/program files (x86)/atollic/truestudio for stm32 9.3.0/armtools/bin/../lib/gcc/arm-atollic-eabi/6.3.1/armv7e-m/fpu\libgcc.a(_aeabi_uldivmod.o) (__udivmoddi4)
c:/program files (x86)/atollic/truestudio for stm32 9.3.0/armtools/bin/../lib/gcc/arm-atollic-eabi/6.3.1/armv7e-m/fpu\libgcc.a(_dvmd_tls.o)
                              c:/program files (x86)/atollic/truestudio for stm32 9.3.0/armtools/bin/../lib/gcc/arm-atollic-eabi/6.3.1/armv7e-m/fpu\libgcc.a(_aeabi_uldivmod.o) (__aeabi_ldiv0)

Allocating common symbols
Common symbol       size              file

hspi2               0x64              Src\spi.o
uwTick              0x4               Drivers\STM32L4xx_HAL_Driver\Src\stm32l4xx_hal.o
hspi1               0x64              Src\spi.o
huart2              0x78              Src\usart.o
hqspi               0x44              Src\quadspi.o

Discarded input sections

 .text          0x00000000        0x0 c:/program files (x86)/atollic/truestudio for stm32 9.3.0/armtools/bin/../lib/gcc/arm-atollic-eabi/6.3.1/armv7e-m/fpu/crti.o
 .data          0x00000000        0x0 c:/program files (x86)/atollic/truestudio for stm32 9.3.0/armtools/bin/../lib/gcc/arm-atollic-eabi/6.3.1/armv7e-m/fpu/crti.o
 .bss           0x00000000        0x0 c:/program files (x86)/atollic/truestudio for stm32 9.3.0/armtools/bin/../lib/gcc/arm-atollic-eabi/6.3.1/armv7e-m/fpu/crti.o
 .data          0x00000000        0x4 c:/program files (x86)/atollic/truestudio for stm32 9.3.0/armtools/bin/../lib/gcc/arm-atollic-eabi/6.3.1/armv7e-m/fpu/crtbegin.o
 .text          0x00000000        0x0 Drivers\STM32L4xx_HAL_Driver\Src\stm32l4xx_hal.o
 .data          0x00000000        0x0 Drivers\STM32L4xx_HAL_Driver\Src\stm32l4xx_hal.o
 .bss           0x00000000        0x0 Drivers\STM32L4xx_HAL_Driver\Src\stm32l4xx_hal.o
 .text.HAL_MspInit
                0x00000000        0x2 Drivers\STM32L4xx_HAL_Driver\Src\stm32l4xx_hal.o
 .text.HAL_MspDeInit
                0x00000000        0x2 Drivers\STM32L4xx_HAL_Driver\Src\stm32l4xx_hal.o
 .text.HAL_DeInit
                0x00000000       0x2c Drivers\STM32L4xx_HAL_Driver\Src\stm32l4xx_hal.o
 .text.HAL_Delay
                0x00000000       0x1c Drivers\STM32L4xx_HAL_Driver\Src\stm32l4xx_hal.o
 .text.HAL_SuspendTick
                0x00000000       0x10 Drivers\STM32L4xx_HAL_Driver\Src\stm32l4xx_hal.o
 .text.HAL_ResumeTick
                0x00000000       0x10 Drivers\STM32L4xx_HAL_Driver\Src\stm32l4xx_hal.o
 .text.HAL_GetHalVersion
                0x00000000        0x8 Drivers\STM32L4xx_HAL_Driver\Src\stm32l4xx_hal.o
 .text.HAL_GetREVID
                0x00000000        0xc Drivers\STM32L4xx_HAL_Driver\Src\stm32l4xx_hal.o
 .text.HAL_GetDEVID
                0x00000000       0x10 Drivers\STM32L4xx_HAL_Driver\Src\stm32l4xx_hal.o
 .text.HAL_GetUIDw0
                0x00000000        0xc Drivers\STM32L4xx_HAL_Driver\Src\stm32l4xx_hal.o
 .text.HAL_GetUIDw1
                0x00000000        0xc Drivers\STM32L4xx_HAL_Driver\Src\stm32l4xx_hal.o
 .text.HAL_GetUIDw2
                0x00000000        0xc Drivers\STM32L4xx_HAL_Driver\Src\stm32l4xx_hal.o
 .text.HAL_DBGMCU_EnableDBGSleepMode
                0x00000000       0x10 Drivers\STM32L4xx_HAL_Driver\Src\stm32l4xx_hal.o
 .text.HAL_DBGMCU_DisableDBGSleepMode
                0x00000000       0x10 Drivers\STM32L4xx_HAL_Driver\Src\stm32l4xx_hal.o
 .text.HAL_DBGMCU_EnableDBGStopMode
[...]
Memory Configuration

Name             Origin             Length             Attributes
RAM              0x20000000         0x00018000         xrw
RAM2             0x10000000         0x00008000         xrw
FLASH            0x08000000         0x00100000         xr
*default*        0x00000000         0xffffffff

Linker script and memory map

LOAD c:/program files (x86)/atollic/truestudio for stm32 9.3.0/armtools/bin/../lib/gcc/arm-atollic-eabi/6.3.1/armv7e-m/fpu/crti.o
LOAD c:/program files (x86)/atollic/truestudio for stm32 9.3.0/armtools/bin/../lib/gcc/arm-atollic-eabi/6.3.1/armv7e-m/fpu/crtbegin.o
LOAD Drivers\STM32L4xx_HAL_Driver\Src\stm32l4xx_hal.o
LOAD Drivers\STM32L4xx_HAL_Driver\Src\stm32l4xx_hal_cortex.o
LOAD Drivers\STM32L4xx_HAL_Driver\Src\stm32l4xx_hal_dma.o
LOAD Drivers\STM32L4xx_HAL_Driver\Src\stm32l4xx_hal_dma_ex.o
LOAD Drivers\STM32L4xx_HAL_Driver\Src\stm32l4xx_hal_exti.o
LOAD Drivers\STM32L4xx_HAL_Driver\Src\stm32l4xx_hal_flash.o
LOAD Drivers\STM32L4xx_HAL_Driver\Src\stm32l4xx_hal_flash_ex.o
LOAD Drivers\STM32L4xx_HAL_Driver\Src\stm32l4xx_hal_flash_ramfunc.o
LOAD Drivers\STM32L4xx_HAL_Driver\Src\stm32l4xx_hal_gpio.o
LOAD Drivers\STM32L4xx_HAL_Driver\Src\stm32l4xx_hal_i2c.o
LOAD Drivers\STM32L4xx_HAL_Driver\Src\stm32l4xx_hal_i2c_ex.o
LOAD Drivers\STM32L4xx_HAL_Driver\Src\stm32l4xx_hal_pwr.o
LOAD Drivers\STM32L4xx_HAL_Driver\Src\stm32l4xx_hal_pwr_ex.o
LOAD Drivers\STM32L4xx_HAL_Driver\Src\stm32l4xx_hal_qspi.o
LOAD Drivers\STM32L4xx_HAL_Driver\Src\stm32l4xx_hal_rcc.o
LOAD Drivers\STM32L4xx_HAL_Driver\Src\stm32l4xx_hal_rcc_ex.o
LOAD Drivers\STM32L4xx_HAL_Driver\Src\stm32l4xx_hal_spi.o
LOAD Drivers\STM32L4xx_HAL_Driver\Src\stm32l4xx_hal_spi_ex.o
LOAD Drivers\STM32L4xx_HAL_Driver\Src\stm32l4xx_hal_tim.o
LOAD Drivers\STM32L4xx_HAL_Driver\Src\stm32l4xx_hal_tim_ex.o
LOAD Drivers\STM32L4xx_HAL_Driver\Src\stm32l4xx_hal_uart.o
LOAD Drivers\STM32L4xx_HAL_Driver\Src\stm32l4xx_hal_uart_ex.o
LOAD Src\gpio.o
LOAD Src\main.o
LOAD Src\quadspi.o
LOAD Src\spi.o
LOAD Src\stm32l4xx_hal_msp.o
LOAD Src\stm32l4xx_it.o
LOAD Src\syscalls.o
LOAD Src\system_stm32l4xx.o
LOAD Src\usart.o
LOAD startup\startup_stm32l476xx.o
                0x00000080                malloc_getpagesize_P = 0x80
START GROUP
LOAD c:/program files (x86)/atollic/truestudio for stm32 9.3.0/armtools/bin/../lib/gcc/arm-atollic-eabi/6.3.1/../../../../arm-atollic-eabi/lib/armv7e-m/fpu\libc_nano.a
LOAD c:/program files (x86)/atollic/truestudio for stm32 9.3.0/armtools/bin/../lib/gcc/arm-atollic-eabi/6.3.1/../../../../arm-atollic-eabi/lib/armv7e-m/fpu\libm.a
END GROUP
START GROUP
LOAD c:/program files (x86)/atollic/truestudio for stm32 9.3.0/armtools/bin/../lib/gcc/arm-atollic-eabi/6.3.1/armv7e-m/fpu\libgcc.a
LOAD c:/program files (x86)/atollic/truestudio for stm32 9.3.0/armtools/bin/../lib/gcc/arm-atollic-eabi/6.3.1/../../../../arm-atollic-eabi/lib/armv7e-m/fpu\libc_nano.a
END GROUP
START GROUP
LOAD c:/program files (x86)/atollic/truestudio for stm32 9.3.0/armtools/bin/../lib/gcc/arm-atollic-eabi/6.3.1/armv7e-m/fpu\libgcc.a
LOAD c:/program files (x86)/atollic/truestudio for stm32 9.3.0/armtools/bin/../lib/gcc/arm-atollic-eabi/6.3.1/../../../../arm-atollic-eabi/lib/armv7e-m/fpu\libc_nano.a
LOAD c:/program files (x86)/atollic/truestudio for stm32 9.3.0/armtools/bin/../lib/gcc/arm-atollic-eabi/6.3.1/../../../../arm-atollic-eabi/lib/armv7e-m/fpu\libnosys.a
END GROUP
START GROUP
LOAD c:/program files (x86)/atollic/truestudio for stm32 9.3.0/armtools/bin/../lib/gcc/arm-atollic-eabi/6.3.1/armv7e-m/fpu\libgcc.a
LOAD c:/program files (x86)/atollic/truestudio for stm32 9.3.0/armtools/bin/../lib/gcc/arm-atollic-eabi/6.3.1/../../../../arm-atollic-eabi/lib/armv7e-m/fpu\libc_nano.a
LOAD c:/program files (x86)/atollic/truestudio for stm32 9.3.0/armtools/bin/../lib/gcc/arm-atollic-eabi/6.3.1/../../../../arm-atollic-eabi/lib/armv7e-m/fpu\libnosys.a
END GROUP
LOAD c:/program files (x86)/atollic/truestudio for stm32 9.3.0/armtools/bin/../lib/gcc/arm-atollic-eabi/6.3.1/armv7e-m/fpu/crtend.o
LOAD c:/program files (x86)/atollic/truestudio for stm32 9.3.0/armtools/bin/../lib/gcc/arm-atollic-eabi/6.3.1/armv7e-m/fpu/crtn.o
                0x20018000                _estack = 0x20018000
                0x00000200                _Min_Heap_Size = 0x200
                0x00000400                _Min_Stack_Size = 0x400

.isr_vector     0x08000000      0x188
                0x08000000                . = ALIGN (0x4)
 *(.isr_vector)
 .isr_vector    0x08000000      0x188 startup\startup_stm32l476xx.o
                0x08000000                g_pfnVectors
                0x08000188                . = ALIGN (0x4)

.text           0x08000188     0x2230
                0x08000188                . = ALIGN (0x4)
 *(.text)
 .text          0x08000188       0x40 c:/program files (x86)/atollic/truestudio for stm32 9.3.0/armtools/bin/../lib/gcc/arm-atollic-eabi/6.3.1/armv7e-m/fpu/crtbegin.o
 .text          0x080001c8       0x30 c:/program files (x86)/atollic/truestudio for stm32 9.3.0/armtools/bin/../lib/gcc/arm-atollic-eabi/6.3.1/armv7e-m/fpu\libgcc.a(_aeabi_uldivmod.o)
                0x080001c8                __aeabi_uldivmod
 .text          0x080001f8      0x2dc c:/program files (x86)/atollic/truestudio for stm32 9.3.0/armtools/bin/../lib/gcc/arm-atollic-eabi/6.3.1/armv7e-m/fpu\libgcc.a(_udivmoddi4.o)
                0x080001f8                __udivmoddi4
 .text          0x080004d4        0x4 c:/program files (x86)/atollic/truestudio for stm32 9.3.0/armtools/bin/../lib/gcc/arm-atollic-eabi/6.3.1/armv7e-m/fpu\libgcc.a(_dvmd_tls.o)
                0x080004d4                __aeabi_idiv0
                0x080004d4                __aeabi_ldiv0
 *(.text*)
 .text.HAL_InitTick
                0x080004d8       0x30 Drivers\STM32L4xx_HAL_Driver\Src\stm32l4xx_hal.o
                0x080004d8                HAL_InitTick
 .text.HAL_Init
                0x08000508       0x2c Drivers\STM32L4xx_HAL_Driver\Src\stm32l4xx_hal.o
                0x08000508                HAL_Init
 .text.HAL_IncTick
                0x08000534       0x10 Drivers\STM32L4xx_HAL_Driver\Src\stm32l4xx_hal.o
                0x08000534                HAL_IncTick
 .text.HAL_GetTick
                0x08000544        0xc Drivers\STM32L4xx_HAL_Driver\Src\stm32l4xx_hal.o
                0x08000544                HAL_GetTick
 .text.HAL_NVIC_SetPriorityGrouping
                0x08000550       0x24 Drivers\STM32L4xx_HAL_Driver\Src\stm32l4xx_hal_cortex.o
                0x08000550                HAL_NVIC_SetPriorityGrouping
 .text.HAL_NVIC_SetPriority
                0x08000574       0x68 Drivers\STM32L4xx_HAL_Driver\Src\stm32l4xx_hal_cortex.o
                0x08000574                HAL_NVIC_SetPriority
 .text.HAL_NVIC_EnableIRQ
                0x080005dc       0x18 Drivers\STM32L4xx_HAL_Driver\Src\stm32l4xx_hal_cortex.o
                0x080005dc                HAL_NVIC_EnableIRQ
 .text.HAL_SYSTICK_Config
                0x080005f4       0x2c Drivers\STM32L4xx_HAL_Driver\Src\stm32l4xx_hal_cortex.o
                0x080005f4                HAL_SYSTICK_Config
 .text.HAL_DMA_Abort_IT
                0x08000620       0x4c Drivers\STM32L4xx_HAL_Driver\Src\stm32l4xx_hal_dma.o
                0x08000620                HAL_DMA_Abort_IT
 .text.HAL_GPIO_Init
                0x0800066c      0x1b8 Drivers\STM32L4xx_HAL_Driver\Src\stm32l4xx_hal_gpio.o
                0x0800066c                HAL_GPIO_Init
 .text.HAL_GPIO_WritePin
                0x08000824        0xa Drivers\STM32L4xx_HAL_Driver\Src\stm32l4xx_hal_gpio.o
                0x08000824                HAL_GPIO_WritePin
 .text.HAL_GPIO_TogglePin
                0x0800082e        0x8 Drivers\STM32L4xx_HAL_Driver\Src\stm32l4xx_hal_gpio.o
                0x0800082e                HAL_GPIO_TogglePin
 *fill*         0x08000836        0x2 
 .text.HAL_GPIO_EXTI_IRQHandler
                0x08000838       0x18 Drivers\STM32L4xx_HAL_Driver\Src\stm32l4xx_hal_gpio.o
                0x08000838                HAL_GPIO_EXTI_IRQHandler
 .text.HAL_PWREx_GetVoltageRange
                0x08000850       0x10 Drivers\STM32L4xx_HAL_Driver\Src\stm32l4xx_hal_pwr_ex.o
                0x08000850                HAL_PWREx_GetVoltageRange
 .text.HAL_PWREx_ControlVoltageScaling
                0x08000860       0x6c Drivers\STM32L4xx_HAL_Driver\Src\stm32l4xx_hal_pwr_ex.o
                0x08000860                HAL_PWREx_ControlVoltageScaling
 .text.QSPI_WaitFlagStateUntilTimeout
                0x080008cc       0x4c Drivers\STM32L4xx_HAL_Driver\Src\stm32l4xx_hal_qspi.o
 .text.HAL_QSPI_Init
                0x08000918       0xb0 Drivers\STM32L4xx_HAL_Driver\Src\stm32l4xx_hal_qspi.o
                0x08000918                HAL_QSPI_Init
 .text.RCC_SetFlashLatencyFromMSIRange
                0x080009c8       0x84 Drivers\STM32L4xx_HAL_Driver\Src\stm32l4xx_hal_rcc.o
 .text.HAL_RCC_GetSysClockFreq
                0x08000a4c       0xa8 Drivers\STM32L4xx_HAL_Driver\Src\stm32l4xx_hal_rcc.o
                0x08000a4c                HAL_RCC_GetSysClockFreq
 .text.HAL_RCC_OscConfig
                0x08000af4      0x44c Drivers\STM32L4xx_HAL_Driver\Src\stm32l4xx_hal_rcc.o
                0x08000af4                HAL_RCC_OscConfig
 .text.HAL_RCC_ClockConfig
                0x08000f40      0x124 Drivers\STM32L4xx_HAL_Driver\Src\stm32l4xx_hal_rcc.o
                0x08000f40                HAL_RCC_ClockConfig
 .text.HAL_RCC_GetPCLK1Freq
                0x08001064       0x24 Drivers\STM32L4xx_HAL_Driver\Src\stm32l4xx_hal_rcc.o
                0x08001064                HAL_RCC_GetPCLK1Freq
 .text.HAL_RCC_GetPCLK2Freq
                0x08001088       0x24 Drivers\STM32L4xx_HAL_Driver\Src\stm32l4xx_hal_rcc.o
                0x08001088                HAL_RCC_GetPCLK2Freq
 .text.RCCEx_PLLSAI1_Config
                0x080010ac      0x11c Drivers\STM32L4xx_HAL_Driver\Src\stm32l4xx_hal_rcc_ex.o
 .text.RCCEx_PLLSAI2_Config
                0x080011c8       0xfc Drivers\STM32L4xx_HAL_Driver\Src\stm32l4xx_hal_rcc_ex.o
 .text.HAL_RCCEx_PeriphCLKConfig
                0x080012c4      0x3d0 Drivers\STM32L4xx_HAL_Driver\Src\stm32l4xx_hal_rcc_ex.o
                0x080012c4                HAL_RCCEx_PeriphCLKConfig
 .text.HAL_SPI_Init
                0x08001694       0xa2 Drivers\STM32L4xx_HAL_Driver\Src\stm32l4xx_hal_spi.o
                0x08001694                HAL_SPI_Init
 .text.UART_EndRxTransfer
                0x08001736       0x1e Drivers\STM32L4xx_HAL_Driver\Src\stm32l4xx_hal_uart.o
 .text.HAL_UART_TxCpltCallback
                0x08001754        0x2 Drivers\STM32L4xx_HAL_Driver\Src\stm32l4xx_hal_uart.o
                0x08001754                HAL_UART_TxCpltCallback
 .text.HAL_UART_ErrorCallback
                0x08001756        0x2 Drivers\STM32L4xx_HAL_Driver\Src\stm32l4xx_hal_uart.o
                0x08001756                HAL_UART_ErrorCallback
 .text.HAL_UART_IRQHandler
                0x08001758      0x12c Drivers\STM32L4xx_HAL_Driver\Src\stm32l4xx_hal_uart.o
                0x08001758                HAL_UART_IRQHandler
 .text.UART_DMAAbortOnError
                0x08001884       0x14 Drivers\STM32L4xx_HAL_Driver\Src\stm32l4xx_hal_uart.o
 .text.UART_SetConfig
                0x08001898      0x330 Drivers\STM32L4xx_HAL_Driver\Src\stm32l4xx_hal_uart.o
                0x08001898                UART_SetConfig
 .text.UART_AdvFeatureConfig
                0x08001bc8       0xa8 Drivers\STM32L4xx_HAL_Driver\Src\stm32l4xx_hal_uart.o
                0x08001bc8                UART_AdvFeatureConfig
 .text.UART_WaitOnFlagUntilTimeout
                0x08001c70       0x62 Drivers\STM32L4xx_HAL_Driver\Src\stm32l4xx_hal_uart.o
                0x08001c70                UART_WaitOnFlagUntilTimeout
 .text.UART_CheckIdleState
                0x08001cd2       0x64 Drivers\STM32L4xx_HAL_Driver\Src\stm32l4xx_hal_uart.o
                0x08001cd2                UART_CheckIdleState
 .text.HAL_UART_Init
                0x08001d36       0x64 Drivers\STM32L4xx_HAL_Driver\Src\stm32l4xx_hal_uart.o
                0x08001d36                HAL_UART_Init
 .text.HAL_UARTEx_WakeupCallback
                0x08001d9a        0x2 Drivers\STM32L4xx_HAL_Driver\Src\stm32l4xx_hal_uart_ex.o
                0x08001d9a                HAL_UARTEx_WakeupCallback
 .text.MX_GPIO_Init
                0x08001d9c      0x100 Src\gpio.o
                0x08001d9c                MX_GPIO_Init
 .text.HAL_GPIO_EXTI_Callback
                0x08001e9c       0x24 Src\main.o
                0x08001e9c                HAL_GPIO_EXTI_Callback
 .text.SystemClock_Config
                0x08001ec0       0x62 Src\main.o
                0x08001ec0                SystemClock_Config
 *fill*         0x08001f22        0x2 
 .text.startup.main
                0x08001f24       0x68 Src\main.o
                0x08001f24                main
 .text.Error_Handler
                0x08001f8c        0x2 Src\main.o
                0x08001f8c                Error_Handler
 *fill*         0x08001f8e        0x2 
 .text.MX_QUADSPI_Init
                0x08001f90       0x34 Src\quadspi.o
                0x08001f90                MX_QUADSPI_Init
 .text.HAL_QSPI_MspInit
                0x08001fc4       0x6c Src\quadspi.o
                0x08001fc4                HAL_QSPI_MspInit
 .text.MX_SPI1_Init
                0x08002030       0x4c Src\spi.o
                0x08002030                MX_SPI1_Init
 .text.MX_SPI2_Init
                0x0800207c       0x44 Src\spi.o
                0x0800207c                MX_SPI2_Init
 .text.HAL_SPI_MspInit
                0x080020c0       0xe0 Src\spi.o
                0x080020c0                HAL_SPI_MspInit
 .text.HAL_MspInit
                0x080021a0       0x30 Src\stm32l4xx_hal_msp.o
                0x080021a0                HAL_MspInit
 .text.NMI_Handler
                0x080021d0        0x2 Src\stm32l4xx_it.o
                0x080021d0                NMI_Handler
 .text.HardFault_Handler
                0x080021d2        0x2 Src\stm32l4xx_it.o
                0x080021d2                HardFault_Handler
 .text.MemManage_Handler
                0x080021d4        0x2 Src\stm32l4xx_it.o
                0x080021d4                MemManage_Handler
 .text.BusFault_Handler
                0x080021d6        0x2 Src\stm32l4xx_it.o
                0x080021d6                BusFault_Handler
 .text.UsageFault_Handler
                0x080021d8        0x2 Src\stm32l4xx_it.o
                0x080021d8                UsageFault_Handler
 .text.SVC_Handler
                0x080021da        0x2 Src\stm32l4xx_it.o
                0x080021da                SVC_Handler
 .text.DebugMon_Handler
                0x080021dc        0x2 Src\stm32l4xx_it.o
                0x080021dc                DebugMon_Handler
 .text.PendSV_Handler
                0x080021de        0x2 Src\stm32l4xx_it.o
                0x080021de                PendSV_Handler
 .text.SysTick_Handler
                0x080021e0        0x4 Src\stm32l4xx_it.o
                0x080021e0                SysTick_Handler
 .text.EXTI0_IRQHandler
                0x080021e4        0x6 Src\stm32l4xx_it.o
                0x080021e4                EXTI0_IRQHandler
 .text.EXTI3_IRQHandler
                0x080021ea        0x6 Src\stm32l4xx_it.o
                0x080021ea                EXTI3_IRQHandler
 .text.USART2_IRQHandler
                0x080021f0        0xc Src\stm32l4xx_it.o
                0x080021f0                USART2_IRQHandler
 .text.SystemInit
                0x080021fc       0x48 Src\system_stm32l4xx.o
                0x080021fc                SystemInit
 .text.MX_USART2_UART_Init
                0x08002244       0x3c Src\usart.o
                0x08002244                MX_USART2_UART_Init
 .text.HAL_UART_MspInit
                0x08002280       0x74 Src\usart.o
                0x08002280                HAL_UART_MspInit
 .text.Reset_Handler
                0x080022f4       0x50 startup\startup_stm32l476xx.o
                0x080022f4                Reset_Handler
 .text.Default_Handler
                0x08002344        0x2 startup\startup_stm32l476xx.o
                0x08002344                RTC_Alarm_IRQHandler
                0x08002344                EXTI2_IRQHandler
                0x08002344                TIM8_TRG_COM_IRQHandler
                0x08002344                TIM8_CC_IRQHandler
                0x08002344                TIM1_CC_IRQHandler
                0x08002344                TSC_IRQHandler
                0x08002344                TAMP_STAMP_IRQHandler
                0x08002344                LPTIM2_IRQHandler
                0x08002344                DFSDM1_FLT1_IRQHandler
                0x08002344                I2C3_ER_IRQHandler
                0x08002344                DFSDM1_FLT2_IRQHandler
                0x08002344                I2C2_EV_IRQHandler
                0x08002344                CAN1_RX0_IRQHandler
                0x08002344                FPU_IRQHandler
                0x08002344                TIM1_UP_TIM16_IRQHandler
                0x08002344                ADC1_2_IRQHandler
                0x08002344                SPI1_IRQHandler
                0x08002344                TIM6_DAC_IRQHandler
                0x08002344                TIM8_UP_IRQHandler
                0x08002344                DMA2_Channel2_IRQHandler
                0x08002344                DMA1_Channel4_IRQHandler
                0x08002344                SAI2_IRQHandler
                0x08002344                DFSDM1_FLT3_IRQHandler
                0x08002344                USART3_IRQHandler
                0x08002344                DMA1_Channel7_IRQHandler
                0x08002344                CAN1_RX1_IRQHandler
                0x08002344                LCD_IRQHandler
                0x08002344                UART5_IRQHandler
                0x08002344                ADC3_IRQHandler
                0x08002344                TIM4_IRQHandler
                0x08002344                DMA2_Channel1_IRQHandler
                0x08002344                QUADSPI_IRQHandler
                0x08002344                I2C1_EV_IRQHandler
                0x08002344                DMA1_Channel6_IRQHandler
                0x08002344                UART4_IRQHandler
                0x08002344                DMA2_Channel4_IRQHandler
                0x08002344                TIM3_IRQHandler
                0x08002344                RCC_IRQHandler
                0x08002344                DMA1_Channel1_IRQHandler
                0x08002344                Default_Handler
                0x08002344                DMA2_Channel7_IRQHandler
                0x08002344                EXTI15_10_IRQHandler
                0x08002344                TIM7_IRQHandler
                0x08002344                SDMMC1_IRQHandler
                0x08002344                TIM5_IRQHandler
                0x08002344                I2C3_EV_IRQHandler
                0x08002344                EXTI9_5_IRQHandler
                0x08002344                RTC_WKUP_IRQHandler
                0x08002344                PVD_PVM_IRQHandler
                0x08002344                SPI2_IRQHandler
                0x08002344                CAN1_TX_IRQHandler
                0x08002344                DMA2_Channel5_IRQHandler
                0x08002344                DMA1_Channel5_IRQHandler
                0x08002344                EXTI4_IRQHandler
                0x08002344                RNG_IRQHandler
                0x08002344                TIM1_TRG_COM_TIM17_IRQHandler
                0x08002344                DMA1_Channel3_IRQHandler
                0x08002344                COMP_IRQHandler
                0x08002344                WWDG_IRQHandler
                0x08002344                LPUART1_IRQHandler
                0x08002344                DMA2_Channel6_IRQHandler
                0x08002344                TIM2_IRQHandler
                0x08002344                EXTI1_IRQHandler
                0x08002344                DFSDM1_FLT0_IRQHandler
                0x08002344                I2C2_ER_IRQHandler
                0x08002344                DMA1_Channel2_IRQHandler
                0x08002344                TIM8_BRK_IRQHandler
                0x08002344                CAN1_SCE_IRQHandler
                0x08002344                FLASH_IRQHandler
                0x08002344                USART1_IRQHandler
                0x08002344                OTG_FS_IRQHandler
                0x08002344                SPI3_IRQHandler
                0x08002344                I2C1_ER_IRQHandler
                0x08002344                FMC_IRQHandler
                0x08002344                SWPMI1_IRQHandler
                0x08002344                LPTIM1_IRQHandler
                0x08002344                SAI1_IRQHandler
                0x08002344                DMA2_Channel3_IRQHandler
                0x08002344                TIM1_BRK_TIM15_IRQHandler
 *fill*         0x08002346        0x2 
 .text.__libc_init_array
                0x08002348       0x48 c:/program files (x86)/atollic/truestudio for stm32 9.3.0/armtools/bin/../lib/gcc/arm-atollic-eabi/6.3.1/../../../../arm-atollic-eabi/lib/armv7e-m/fpu\libc_nano.a(lib_a-init.o)
                0x08002348                __libc_init_array
 .text.memset   0x08002390       0x10 c:/program files (x86)/atollic/truestudio for stm32 9.3.0/armtools/bin/../lib/gcc/arm-atollic-eabi/6.3.1/../../../../arm-atollic-eabi/lib/armv7e-m/fpu\libc_nano.a(lib_a-memset.o)
                0x08002390                memset
 *(.glue_7)
 .glue_7        0x080023a0        0x0 linker stubs
 *(.glue_7t)
 .glue_7t       0x080023a0        0x0 linker stubs
 *(.eh_frame)
 .eh_frame      0x080023a0        0x0 c:/program files (x86)/atollic/truestudio for stm32 9.3.0/armtools/bin/../lib/gcc/arm-atollic-eabi/6.3.1/armv7e-m/fpu/crtbegin.o
 *(.init)
 .init          0x080023a0        0x4 c:/program files (x86)/atollic/truestudio for stm32 9.3.0/armtools/bin/../lib/gcc/arm-atollic-eabi/6.3.1/armv7e-m/fpu/crti.o
                0x080023a0                _init
 .init          0x080023a4        0x8 c:/program files (x86)/atollic/truestudio for stm32 9.3.0/armtools/bin/../lib/gcc/arm-atollic-eabi/6.3.1/armv7e-m/fpu/crtn.o
 *(.fini)
 .fini          0x080023ac        0x4 c:/program files (x86)/atollic/truestudio for stm32 9.3.0/armtools/bin/../lib/gcc/arm-atollic-eabi/6.3.1/armv7e-m/fpu/crti.o
                0x080023ac                _fini
 .fini          0x080023b0        0x8 c:/program files (x86)/atollic/truestudio for stm32 9.3.0/armtools/bin/../lib/gcc/arm-atollic-eabi/6.3.1/armv7e-m/fpu/crtn.o
                0x080023b8                . = ALIGN (0x4)
                0x080023b8                _etext = .

.vfp11_veneer   0x080023b8        0x0
 .vfp11_veneer  0x080023b8        0x0 linker stubs

.v4_bx          0x080023b8        0x0
 .v4_bx         0x080023b8        0x0 linker stubs

.iplt           0x080023b8        0x0
 .iplt          0x080023b8        0x0 c:/program files (x86)/atollic/truestudio for stm32 9.3.0/armtools/bin/../lib/gcc/arm-atollic-eabi/6.3.1/armv7e-m/fpu/crtbegin.o

.rodata         0x080023b8       0x5c
                0x080023b8                . = ALIGN (0x4)
 *(.rodata)
 *(.rodata*)
 .rodata.CSWTCH.51
                0x080023b8        0x4 Drivers\STM32L4xx_HAL_Driver\Src\stm32l4xx_hal_uart.o
 .rodata.CSWTCH.52
                0x080023bc        0xd Drivers\STM32L4xx_HAL_Driver\Src\stm32l4xx_hal_uart.o
 .rodata.AHBPrescTable
                0x080023c9       0x10 Src\system_stm32l4xx.o
                0x080023c9                AHBPrescTable
 .rodata.APBPrescTable
                0x080023d9        0x8 Src\system_stm32l4xx.o
                0x080023d9                APBPrescTable
 *fill*         0x080023e1        0x3 
 .rodata.MSIRangeTable
                0x080023e4       0x30 Src\system_stm32l4xx.o
                0x080023e4                MSIRangeTable
                0x08002414                . = ALIGN (0x4)

.ARM.extab
 *(.ARM.extab* .gnu.linkonce.armextab.*)

.ARM            0x08002414        0x8
                0x08002414                __exidx_start = .
 *(.ARM.exidx*)
 .ARM.exidx     0x08002414        0x8 c:/program files (x86)/atollic/truestudio for stm32 9.3.0/armtools/bin/../lib/gcc/arm-atollic-eabi/6.3.1/armv7e-m/fpu\libgcc.a(_udivmoddi4.o)
                0x0800241c                __exidx_end = .

.rel.dyn        0x0800241c        0x0
 .rel.iplt      0x0800241c        0x0 c:/program files (x86)/atollic/truestudio for stm32 9.3.0/armtools/bin/../lib/gcc/arm-atollic-eabi/6.3.1/armv7e-m/fpu/crtbegin.o

.preinit_array  0x0800241c        0x0
                0x0800241c                PROVIDE (__preinit_array_start, .)
 *(.preinit_array*)
                0x0800241c                PROVIDE (__preinit_array_end, .)

.init_array     0x0800241c        0x4
                0x0800241c                PROVIDE (__init_array_start, .)
 *(SORT(.init_array.*))
 *(.init_array*)
 .init_array    0x0800241c        0x4 c:/program files (x86)/atollic/truestudio for stm32 9.3.0/armtools/bin/../lib/gcc/arm-atollic-eabi/6.3.1/armv7e-m/fpu/crtbegin.o
                0x08002420                PROVIDE (__init_array_end, .)

.fini_array     0x08002420        0x4
                [!provide]                PROVIDE (__fini_array_start, .)
 *(SORT(.fini_array.*))
 *(.fini_array*)
 .fini_array    0x08002420        0x4 c:/program files (x86)/atollic/truestudio for stm32 9.3.0/armtools/bin/../lib/gcc/arm-atollic-eabi/6.3.1/armv7e-m/fpu/crtbegin.o
                [!provide]                PROVIDE (__fini_array_end, .)
                0x08002424                _sidata = LOADADDR (.data)

.data           0x20000000        0x4 load address 0x08002424
                0x20000000                . = ALIGN (0x4)
                0x20000000                _sdata = .
 *(.data)
 *(.data*)
 .data.SystemCoreClock
                0x20000000        0x4 Src\system_stm32l4xx.o
                0x20000000                SystemCoreClock
                0x20000004                . = ALIGN (0x4)
                0x20000004                _edata = .

.igot.plt       0x20000004        0x0 load address 0x08002428
 .igot.plt      0x20000004        0x0 c:/program files (x86)/atollic/truestudio for stm32 9.3.0/armtools/bin/../lib/gcc/arm-atollic-eabi/6.3.1/armv7e-m/fpu/crtbegin.o
                0x20000004                . = ALIGN (0x4)

.bss            0x20000004      0x1a8 load address 0x08002428
                0x20000004                _sbss = .
                0x20000004                __bss_start__ = _sbss
 *(.bss)
 .bss           0x20000004       0x1c c:/program files (x86)/atollic/truestudio for stm32 9.3.0/armtools/bin/../lib/gcc/arm-atollic-eabi/6.3.1/armv7e-m/fpu/crtbegin.o
 *(.bss*)
 .bss.FlagEnter
                0x20000020        0x1 Src\main.o
                0x20000020                FlagEnter
 .bss.FlagUp    0x20000021        0x1 Src\main.o
                0x20000021                FlagUp
 *(COMMON)
 *fill*         0x20000022        0x2 
 COMMON         0x20000024        0x4 Drivers\STM32L4xx_HAL_Driver\Src\stm32l4xx_hal.o
                0x20000024                uwTick
 COMMON         0x20000028       0x44 Src\quadspi.o
                0x20000028                hqspi
 COMMON         0x2000006c       0xc8 Src\spi.o
                0x2000006c                hspi2
                0x200000d0                hspi1
 COMMON         0x20000134       0x78 Src\usart.o
                0x20000134                huart2
                0x200001ac                . = ALIGN (0x4)
                0x200001ac                _ebss = .
                0x200001ac                __bss_end__ = _ebss

._user_heap_stack
                0x200001ac      0x600 load address 0x08002428
                0x200001ac                . = ALIGN (0x4)
                0x200001ac                PROVIDE (end, .)
                [!provide]                PROVIDE (_end, .)
                0x200003ac                . = (. + _Min_Heap_Size)
 *fill*         0x200001ac      0x200 
                0x200007ac                . = (. + _Min_Stack_Size)
 *fill*         0x200003ac      0x400 
                0x200007ac                . = ALIGN (0x4)

/DISCARD/
 libc.a(*)
 libm.a(*)
 libgcc.a(*)

.ARM.attributes
                0x00000000       0x30
 *(.ARM.attributes)
 .ARM.attributes
                0x00000000       0x22 c:/program files (x86)/atollic/truestudio for stm32 9.3.0/armtools/bin/../lib/gcc/arm-atollic-eabi/6.3.1/armv7e-m/fpu/crti.o
 .ARM.attributes
                0x00000022       0x34 c:/program files (x86)/atollic/truestudio for stm32 9.3.0/armtools/bin/../lib/gcc/arm-atollic-eabi/6.3.1/armv7e-m/fpu/crtbegin.o
 .ARM.attributes
                0x00000056       0x39 Drivers\STM32L4xx_HAL_Driver\Src\stm32l4xx_hal.o
 .ARM.attributes
                0x0000008f       0x39 Drivers\STM32L4xx_HAL_Driver\Src\stm32l4xx_hal_cortex.o
 .ARM.attributes
                0x000000c8       0x39 Drivers\STM32L4xx_HAL_Driver\Src\stm32l4xx_hal_dma.o
 .ARM.attributes
                0x00000101       0x39 Drivers\STM32L4xx_HAL_Driver\Src\stm32l4xx_hal_gpio.o
 .ARM.attributes
                0x0000013a       0x39 Drivers\STM32L4xx_HAL_Driver\Src\stm32l4xx_hal_pwr_ex.o
 .ARM.attributes
                0x00000173       0x39 Drivers\STM32L4xx_HAL_Driver\Src\stm32l4xx_hal_qspi.o
 .ARM.attributes
                0x000001ac       0x39 Drivers\STM32L4xx_HAL_Driver\Src\stm32l4xx_hal_rcc.o
 .ARM.attributes
                0x000001e5       0x39 Drivers\STM32L4xx_HAL_Driver\Src\stm32l4xx_hal_rcc_ex.o
 .ARM.attributes
                0x0000021e       0x39 Drivers\STM32L4xx_HAL_Driver\Src\stm32l4xx_hal_spi.o
 .ARM.attributes
                0x00000257       0x39 Drivers\STM32L4xx_HAL_Driver\Src\stm32l4xx_hal_uart.o
 .ARM.attributes
                0x00000290       0x39 Drivers\STM32L4xx_HAL_Driver\Src\stm32l4xx_hal_uart_ex.o
 .ARM.attributes
                0x000002c9       0x39 Src\gpio.o
 .ARM.attributes
                0x00000302       0x39 Src\main.o
 .ARM.attributes
                0x0000033b       0x39 Src\quadspi.o
 .ARM.attributes
                0x00000374       0x39 Src\spi.o
 .ARM.attributes
                0x000003ad       0x39 Src\stm32l4xx_hal_msp.o
 .ARM.attributes
                0x000003e6       0x39 Src\stm32l4xx_it.o
 .ARM.attributes
                0x0000041f       0x39 Src\system_stm32l4xx.o
 .ARM.attributes
                0x00000458       0x39 Src\usart.o
 .ARM.attributes
                0x00000491       0x21 startup\startup_stm32l476xx.o
 .ARM.attributes
                0x000004b2       0x34 c:/program files (x86)/atollic/truestudio for stm32 9.3.0/armtools/bin/../lib/gcc/arm-atollic-eabi/6.3.1/../../../../arm-atollic-eabi/lib/armv7e-m/fpu\libc_nano.a(lib_a-init.o)
 .ARM.attributes
                0x000004e6       0x34 c:/program files (x86)/atollic/truestudio for stm32 9.3.0/armtools/bin/../lib/gcc/arm-atollic-eabi/6.3.1/../../../../arm-atollic-eabi/lib/armv7e-m/fpu\libc_nano.a(lib_a-memset.o)
 .ARM.attributes
                0x0000051a       0x22 c:/program files (x86)/atollic/truestudio for stm32 9.3.0/armtools/bin/../lib/gcc/arm-atollic-eabi/6.3.1/armv7e-m/fpu\libgcc.a(_aeabi_uldivmod.o)
 .ARM.attributes
                0x0000053c       0x34 c:/program files (x86)/atollic/truestudio for stm32 9.3.0/armtools/bin/../lib/gcc/arm-atollic-eabi/6.3.1/armv7e-m/fpu\libgcc.a(_udivmoddi4.o)
 .ARM.attributes
                0x00000570       0x22 c:/program files (x86)/atollic/truestudio for stm32 9.3.0/armtools/bin/../lib/gcc/arm-atollic-eabi/6.3.1/armv7e-m/fpu\libgcc.a(_dvmd_tls.o)
 .ARM.attributes
                0x00000592       0x22 c:/program files (x86)/atollic/truestudio for stm32 9.3.0/armtools/bin/../lib/gcc/arm-atollic-eabi/6.3.1/armv7e-m/fpu/crtn.o
OUTPUT(SZEZ.elf elf32-littlearm)

.debug_info     0x00000000    0x10342
 .debug_info    0x00000000      0xc2a Drivers\STM32L4xx_HAL_Driver\Src\stm32l4xx_hal.o
 .debug_info    0x00000c2a      0xf6d Drivers\STM32L4xx_HAL_Driver\Src\stm32l4xx_hal_cortex.o
 .debug_info    0x00001b97      0x84a Drivers\STM32L4xx_HAL_Driver\Src\stm32l4xx_hal_dma.o
 .debug_info    0x000023e1      0x862 Drivers\STM32L4xx_HAL_Driver\Src\stm32l4xx_hal_gpio.o
 .debug_info    0x00002c43      0xad2 Drivers\STM32L4xx_HAL_Driver\Src\stm32l4xx_hal_pwr_ex.o
 .debug_info    0x00003715     0x16d8 Drivers\STM32L4xx_HAL_Driver\Src\stm32l4xx_hal_qspi.o
 .debug_info    0x00004ded      0xdfe Drivers\STM32L4xx_HAL_Driver\Src\stm32l4xx_hal_rcc.o
 .debug_info    0x00005beb     0x1077 Drivers\STM32L4xx_HAL_Driver\Src\stm32l4xx_hal_rcc_ex.o
 .debug_info    0x00006c62     0x2061 Drivers\STM32L4xx_HAL_Driver\Src\stm32l4xx_hal_spi.o
 .debug_info    0x00008cc3     0x1c1d Drivers\STM32L4xx_HAL_Driver\Src\stm32l4xx_hal_uart.o
 .debug_info    0x0000a8e0      0xa36 Drivers\STM32L4xx_HAL_Driver\Src\stm32l4xx_hal_uart_ex.o
 .debug_info    0x0000b316      0x8a6 Src\gpio.o
 .debug_info    0x0000bbbc     0x123f Src\main.o
 .debug_info    0x0000cdfb      0xa4d Src\quadspi.o
 .debug_info    0x0000d848      0xb3c Src\spi.o
 .debug_info    0x0000e384      0x398 Src\stm32l4xx_hal_msp.o
 .debug_info    0x0000e71c      0x7f1 Src\stm32l4xx_it.o
 .debug_info    0x0000ef0d      0x5cf Src\system_stm32l4xx.o
 .debug_info    0x0000f4dc      0xdf7 Src\usart.o
 .debug_info    0x000102d3       0x6f startup\startup_stm32l476xx.o

.debug_abbrev   0x00000000     0x28d8
 .debug_abbrev  0x00000000      0x29d Drivers\STM32L4xx_HAL_Driver\Src\stm32l4xx_hal.o
 .debug_abbrev  0x0000029d      0x2e6 Drivers\STM32L4xx_HAL_Driver\Src\stm32l4xx_hal_cortex.o
 .debug_abbrev  0x00000583      0x224 Drivers\STM32L4xx_HAL_Driver\Src\stm32l4xx_hal_dma.o
 .debug_abbrev  0x000007a7      0x1d7 Drivers\STM32L4xx_HAL_Driver\Src\stm32l4xx_hal_gpio.o
 .debug_abbrev  0x0000097e      0x227 Drivers\STM32L4xx_HAL_Driver\Src\stm32l4xx_hal_pwr_ex.o
 .debug_abbrev  0x00000ba5      0x2d0 Drivers\STM32L4xx_HAL_Driver\Src\stm32l4xx_hal_qspi.o
 .debug_abbrev  0x00000e75      0x267 Drivers\STM32L4xx_HAL_Driver\Src\stm32l4xx_hal_rcc.o
 .debug_abbrev  0x000010dc      0x264 Drivers\STM32L4xx_HAL_Driver\Src\stm32l4xx_hal_rcc_ex.o
 .debug_abbrev  0x00001340      0x318 Drivers\STM32L4xx_HAL_Driver\Src\stm32l4xx_hal_spi.o
 .debug_abbrev  0x00001658      0x30e Drivers\STM32L4xx_HAL_Driver\Src\stm32l4xx_hal_uart.o
 .debug_abbrev  0x00001966      0x240 Drivers\STM32L4xx_HAL_Driver\Src\stm32l4xx_hal_uart_ex.o
 .debug_abbrev  0x00001ba6      0x17c Src\gpio.o
 .debug_abbrev  0x00001d22      0x215 Src\main.o
 .debug_abbrev  0x00001f37      0x1eb Src\quadspi.o
 .debug_abbrev  0x00002122      0x1e8 Src\spi.o
 .debug_abbrev  0x0000230a       0xea Src\stm32l4xx_hal_msp.o
 .debug_abbrev  0x000023f4      0x1af Src\stm32l4xx_it.o
 .debug_abbrev  0x000025a3      0x12f Src\system_stm32l4xx.o
 .debug_abbrev  0x000026d2      0x1f4 Src\usart.o
 .debug_abbrev  0x000028c6       0x12 startup\startup_stm32l476xx.o

.debug_loc      0x00000000     0x72b0
 .debug_loc     0x00000000      0x149 Drivers\STM32L4xx_HAL_Driver\Src\stm32l4xx_hal.o
 .debug_loc     0x00000149      0x4fb Drivers\STM32L4xx_HAL_Driver\Src\stm32l4xx_hal_cortex.o
 .debug_loc     0x00000644      0x5b7 Drivers\STM32L4xx_HAL_Driver\Src\stm32l4xx_hal_dma.o
 .debug_loc     0x00000bfb      0x29d Drivers\STM32L4xx_HAL_Driver\Src\stm32l4xx_hal_gpio.o
 .debug_loc     0x00000e98      0x63b Drivers\STM32L4xx_HAL_Driver\Src\stm32l4xx_hal_pwr_ex.o
 .debug_loc     0x000014d3     0x102f Drivers\STM32L4xx_HAL_Driver\Src\stm32l4xx_hal_qspi.o
 .debug_loc     0x00002502      0x5ae Drivers\STM32L4xx_HAL_Driver\Src\stm32l4xx_hal_rcc.o
 .debug_loc     0x00002ab0      0xd98 Drivers\STM32L4xx_HAL_Driver\Src\stm32l4xx_hal_rcc_ex.o
 .debug_loc     0x00003848     0x1a81 Drivers\STM32L4xx_HAL_Driver\Src\stm32l4xx_hal_spi.o
 .debug_loc     0x000052c9     0x19b3 Drivers\STM32L4xx_HAL_Driver\Src\stm32l4xx_hal_uart.o
 .debug_loc     0x00006c7c      0x310 Drivers\STM32L4xx_HAL_Driver\Src\stm32l4xx_hal_uart_ex.o
 .debug_loc     0x00006f8c       0x2c Src\main.o
 .debug_loc     0x00006fb8       0x58 Src\quadspi.o
 .debug_loc     0x00007010       0x8a Src\spi.o
 .debug_loc     0x0000709a      0x1be Src\system_stm32l4xx.o
 .debug_loc     0x00007258       0x58 Src\usart.o

.debug_aranges  0x00000000      0xb50
 .debug_aranges
                0x00000000      0x108 Drivers\STM32L4xx_HAL_Driver\Src\stm32l4xx_hal.o
 .debug_aranges
                0x00000108       0xa8 Drivers\STM32L4xx_HAL_Driver\Src\stm32l4xx_hal_cortex.o
 .debug_aranges
                0x000001b0       0x78 Drivers\STM32L4xx_HAL_Driver\Src\stm32l4xx_hal_dma.o
 .debug_aranges
                0x00000228       0x58 Drivers\STM32L4xx_HAL_Driver\Src\stm32l4xx_hal_gpio.o
 .debug_aranges
                0x00000280      0x130 Drivers\STM32L4xx_HAL_Driver\Src\stm32l4xx_hal_pwr_ex.o
 .debug_aranges
                0x000003b0      0x108 Drivers\STM32L4xx_HAL_Driver\Src\stm32l4xx_hal_qspi.o
 .debug_aranges
                0x000004b8       0x88 Drivers\STM32L4xx_HAL_Driver\Src\stm32l4xx_hal_rcc.o
 .debug_aranges
                0x00000540       0xc0 Drivers\STM32L4xx_HAL_Driver\Src\stm32l4xx_hal_rcc_ex.o
 .debug_aranges
                0x00000600      0x198 Drivers\STM32L4xx_HAL_Driver\Src\stm32l4xx_hal_spi.o
 .debug_aranges
                0x00000798      0x1a0 Drivers\STM32L4xx_HAL_Driver\Src\stm32l4xx_hal_uart.o
 .debug_aranges
                0x00000938       0x58 Drivers\STM32L4xx_HAL_Driver\Src\stm32l4xx_hal_uart_ex.o
 .debug_aranges
                0x00000990       0x20 Src\gpio.o
 .debug_aranges
                0x000009b0       0x38 Src\main.o
 .debug_aranges
                0x000009e8       0x30 Src\quadspi.o
 .debug_aranges
                0x00000a18       0x38 Src\spi.o
 .debug_aranges
                0x00000a50       0x20 Src\stm32l4xx_hal_msp.o
 .debug_aranges
                0x00000a70       0x60 Src\stm32l4xx_it.o
 .debug_aranges
                0x00000ad0       0x28 Src\system_stm32l4xx.o
 .debug_aranges
                0x00000af8       0x30 Src\usart.o
 .debug_aranges
                0x00000b28       0x28 startup\startup_stm32l476xx.o

.debug_ranges   0x00000000      0xce8
 .debug_ranges  0x00000000       0xf8 Drivers\STM32L4xx_HAL_Driver\Src\stm32l4xx_hal.o
 .debug_ranges  0x000000f8      0x138 Drivers\STM32L4xx_HAL_Driver\Src\stm32l4xx_hal_cortex.o
 .debug_ranges  0x00000230       0xa0 Drivers\STM32L4xx_HAL_Driver\Src\stm32l4xx_hal_dma.o
 .debug_ranges  0x000002d0       0x68 Drivers\STM32L4xx_HAL_Driver\Src\stm32l4xx_hal_gpio.o
 .debug_ranges  0x00000338      0x120 Drivers\STM32L4xx_HAL_Driver\Src\stm32l4xx_hal_pwr_ex.o
 .debug_ranges  0x00000458      0x110 Drivers\STM32L4xx_HAL_Driver\Src\stm32l4xx_hal_qspi.o
 .debug_ranges  0x00000568       0x90 Drivers\STM32L4xx_HAL_Driver\Src\stm32l4xx_hal_rcc.o
 .debug_ranges  0x000005f8       0xf0 Drivers\STM32L4xx_HAL_Driver\Src\stm32l4xx_hal_rcc_ex.o
 .debug_ranges  0x000006e8      0x248 Drivers\STM32L4xx_HAL_Driver\Src\stm32l4xx_hal_spi.o
 .debug_ranges  0x00000930      0x190 Drivers\STM32L4xx_HAL_Driver\Src\stm32l4xx_hal_uart.o
 .debug_ranges  0x00000ac0       0x48 Drivers\STM32L4xx_HAL_Driver\Src\stm32l4xx_hal_uart_ex.o
 .debug_ranges  0x00000b08       0x48 Src\gpio.o
 .debug_ranges  0x00000b50       0x28 Src\main.o
 .debug_ranges  0x00000b78       0x40 Src\quadspi.o
 .debug_ranges  0x00000bb8       0x40 Src\spi.o
 .debug_ranges  0x00000bf8       0x28 Src\stm32l4xx_hal_msp.o
 .debug_ranges  0x00000c20       0x50 Src\stm32l4xx_it.o
 .debug_ranges  0x00000c70       0x18 Src\system_stm32l4xx.o
 .debug_ranges  0x00000c88       0x40 Src\usart.o
 .debug_ranges  0x00000cc8       0x20 startup\startup_stm32l476xx.o

.debug_line     0x00000000     0x5f63
 .debug_line    0x00000000      0x455 Drivers\STM32L4xx_HAL_Driver\Src\stm32l4xx_hal.o
 .debug_line    0x00000455      0x451 Drivers\STM32L4xx_HAL_Driver\Src\stm32l4xx_hal_cortex.o
 .debug_line    0x000008a6      0x4e4 Drivers\STM32L4xx_HAL_Driver\Src\stm32l4xx_hal_dma.o
 .debug_line    0x00000d8a      0x3e9 Drivers\STM32L4xx_HAL_Driver\Src\stm32l4xx_hal_gpio.o
 .debug_line    0x00001173      0x5d5 Drivers\STM32L4xx_HAL_Driver\Src\stm32l4xx_hal_pwr_ex.o
 .debug_line    0x00001748      0x867 Drivers\STM32L4xx_HAL_Driver\Src\stm32l4xx_hal_qspi.o
 .debug_line    0x00001faf      0x5bd Drivers\STM32L4xx_HAL_Driver\Src\stm32l4xx_hal_rcc.o
 .debug_line    0x0000256c      0x6fc Drivers\STM32L4xx_HAL_Driver\Src\stm32l4xx_hal_rcc_ex.o
 .debug_line    0x00002c68      0xc95 Drivers\STM32L4xx_HAL_Driver\Src\stm32l4xx_hal_spi.o
 .debug_line    0x000038fd      0xdc4 Drivers\STM32L4xx_HAL_Driver\Src\stm32l4xx_hal_uart.o
 .debug_line    0x000046c1      0x369 Drivers\STM32L4xx_HAL_Driver\Src\stm32l4xx_hal_uart_ex.o
 .debug_line    0x00004a2a      0x239 Src\gpio.o
 .debug_line    0x00004c63      0x343 Src\main.o
 .debug_line    0x00004fa6      0x2a2 Src\quadspi.o
 .debug_line    0x00005248      0x2f6 Src\spi.o
 .debug_line    0x0000553e      0x1e7 Src\stm32l4xx_hal_msp.o
 .debug_line    0x00005725      0x2bf Src\stm32l4xx_it.o
 .debug_line    0x000059e4      0x248 Src\system_stm32l4xx.o
 .debug_line    0x00005c2c      0x2b8 Src\usart.o
 .debug_line    0x00005ee4       0x7f startup\startup_stm32l476xx.o

.debug_str      0x00000000     0x3e73
 .debug_str     0x00000000      0xc89 Drivers\STM32L4xx_HAL_Driver\Src\stm32l4xx_hal.o
                                0xd0b (size before relaxing)
 .debug_str     0x00000c89      0x3c3 Drivers\STM32L4xx_HAL_Driver\Src\stm32l4xx_hal_cortex.o
                                0xc6f (size before relaxing)
 .debug_str     0x0000104c      0x420 Drivers\STM32L4xx_HAL_Driver\Src\stm32l4xx_hal_dma.o
                                0x6c7 (size before relaxing)
 .debug_str     0x0000146c      0x1da Drivers\STM32L4xx_HAL_Driver\Src\stm32l4xx_hal_gpio.o
                                0x5c4 (size before relaxing)
 .debug_str     0x00001646      0x53f Drivers\STM32L4xx_HAL_Driver\Src\stm32l4xx_hal_pwr_ex.o
                                0x85b (size before relaxing)
 .debug_str     0x00001b85      0x6e4 Drivers\STM32L4xx_HAL_Driver\Src\stm32l4xx_hal_qspi.o
                                0xbc0 (size before relaxing)
 .debug_str     0x00002269      0x346 Drivers\STM32L4xx_HAL_Driver\Src\stm32l4xx_hal_rcc.o
                                0x8a1 (size before relaxing)
 .debug_str     0x000025af      0x595 Drivers\STM32L4xx_HAL_Driver\Src\stm32l4xx_hal_rcc_ex.o
                                0xb31 (size before relaxing)
 .debug_str     0x00002b44      0x6b3 Drivers\STM32L4xx_HAL_Driver\Src\stm32l4xx_hal_spi.o
                                0xc18 (size before relaxing)
 .debug_str     0x000031f7      0x8cc Drivers\STM32L4xx_HAL_Driver\Src\stm32l4xx_hal_uart.o
                                0xfaf (size before relaxing)
 .debug_str     0x00003ac3      0x185 Drivers\STM32L4xx_HAL_Driver\Src\stm32l4xx_hal_uart_ex.o
                                0x935 (size before relaxing)
 .debug_str     0x00003c48       0x22 Src\gpio.o
                                0x94d (size before relaxing)
 .debug_str     0x00003c6a       0x96 Src\main.o
                                0xf82 (size before relaxing)
 .debug_str     0x00003d00       0x1c Src\quadspi.o
                                0x879 (size before relaxing)
 .debug_str     0x00003d1c        0xd Src\spi.o
                                0x86e (size before relaxing)
 .debug_str     0x00003d29       0x1b Src\stm32l4xx_hal_msp.o
                                0x387 (size before relaxing)
 .debug_str     0x00003d44       0xda Src\stm32l4xx_it.o
                                0x7d3 (size before relaxing)
 .debug_str     0x00003e1e       0x3b Src\system_stm32l4xx.o
                                0x412 (size before relaxing)
 .debug_str     0x00003e59       0x1a Src\usart.o
                                0xe2b (size before relaxing)

.comment        0x00000000       0x7c
 .comment       0x00000000       0x7c Drivers\STM32L4xx_HAL_Driver\Src\stm32l4xx_hal.o
                                 0x7d (size before relaxing)
 .comment       0x0000007c       0x7d Drivers\STM32L4xx_HAL_Driver\Src\stm32l4xx_hal_cortex.o
 .comment       0x0000007c       0x7d Drivers\STM32L4xx_HAL_Driver\Src\stm32l4xx_hal_dma.o
 .comment       0x0000007c       0x7d Drivers\STM32L4xx_HAL_Driver\Src\stm32l4xx_hal_gpio.o
 .comment       0x0000007c       0x7d Drivers\STM32L4xx_HAL_Driver\Src\stm32l4xx_hal_pwr_ex.o
 .comment       0x0000007c       0x7d Drivers\STM32L4xx_HAL_Driver\Src\stm32l4xx_hal_qspi.o
 .comment       0x0000007c       0x7d Drivers\STM32L4xx_HAL_Driver\Src\stm32l4xx_hal_rcc.o
 .comment       0x0000007c       0x7d Drivers\STM32L4xx_HAL_Driver\Src\stm32l4xx_hal_rcc_ex.o
 .comment       0x0000007c       0x7d Drivers\STM32L4xx_HAL_Driver\Src\stm32l4xx_hal_spi.o
 .comment       0x0000007c       0x7d Drivers\STM32L4xx_HAL_Driver\Src\stm32l4xx_hal_uart.o
 .comment       0x0000007c       0x7d Drivers\STM32L4xx_HAL_Driver\Src\stm32l4xx_hal_uart_ex.o
 .comment       0x0000007c       0x7d Src\gpio.o
 .comment       0x0000007c       0x7d Src\main.o
 .comment       0x0000007c       0x7d Src\quadspi.o
 .comment       0x0000007c       0x7d Src\spi.o
 .comment       0x0000007c       0x7d Src\stm32l4xx_hal_msp.o
 .comment       0x0000007c       0x7d Src\stm32l4xx_it.o
 .comment       0x0000007c       0x7d Src\system_stm32l4xx.o
 .comment       0x0000007c       0x7d Src\usart.o

.debug_frame    0x00000000     0x1f14
 .debug_frame   0x00000000      0x244 Drivers\STM32L4xx_HAL_Driver\Src\stm32l4xx_hal.o
 .debug_frame   0x00000244      0x158 Drivers\STM32L4xx_HAL_Driver\Src\stm32l4xx_hal_cortex.o
 .debug_frame   0x0000039c      0x140 Drivers\STM32L4xx_HAL_Driver\Src\stm32l4xx_hal_dma.o
 .debug_frame   0x000004dc       0xdc Drivers\STM32L4xx_HAL_Driver\Src\stm32l4xx_hal_gpio.o
 .debug_frame   0x000005b8      0x278 Drivers\STM32L4xx_HAL_Driver\Src\stm32l4xx_hal_pwr_ex.o
 .debug_frame   0x00000830      0x3f0 Drivers\STM32L4xx_HAL_Driver\Src\stm32l4xx_hal_qspi.o
 .debug_frame   0x00000c20      0x160 Drivers\STM32L4xx_HAL_Driver\Src\stm32l4xx_hal_rcc.o
 .debug_frame   0x00000d80      0x200 Drivers\STM32L4xx_HAL_Driver\Src\stm32l4xx_hal_rcc_ex.o
 .debug_frame   0x00000f80      0x5b0 Drivers\STM32L4xx_HAL_Driver\Src\stm32l4xx_hal_spi.o
 .debug_frame   0x00001530      0x548 Drivers\STM32L4xx_HAL_Driver\Src\stm32l4xx_hal_uart.o
 .debug_frame   0x00001a78       0xbc Drivers\STM32L4xx_HAL_Driver\Src\stm32l4xx_hal_uart_ex.o
 .debug_frame   0x00001b34       0x38 Src\gpio.o
 .debug_frame   0x00001b6c       0x68 Src\main.o
 .debug_frame   0x00001bd4       0x60 Src\quadspi.o
 .debug_frame   0x00001c34       0x94 Src\spi.o
 .debug_frame   0x00001cc8       0x28 Src\stm32l4xx_hal_msp.o
 .debug_frame   0x00001cf0       0xd0 Src\stm32l4xx_it.o
 .debug_frame   0x00001dc0       0x38 Src\system_stm32l4xx.o
 .debug_frame   0x00001df8       0x70 Src\usart.o
 .debug_frame   0x00001e68       0x2c c:/program files (x86)/atollic/truestudio for stm32 9.3.0/armtools/bin/../lib/gcc/arm-atollic-eabi/6.3.1/../../../../arm-atollic-eabi/lib/armv7e-m/fpu\libc_nano.a(lib_a-init.o)
 .debug_frame   0x00001e94       0x20 c:/program files (x86)/atollic/truestudio for stm32 9.3.0/armtools/bin/../lib/gcc/arm-atollic-eabi/6.3.1/../../../../arm-atollic-eabi/lib/armv7e-m/fpu\libc_nano.a(lib_a-memset.o)
 .debug_frame   0x00001eb4       0x2c c:/program files (x86)/atollic/truestudio for stm32 9.3.0/armtools/bin/../lib/gcc/arm-atollic-eabi/6.3.1/armv7e-m/fpu\libgcc.a(_aeabi_uldivmod.o)
 .debug_frame   0x00001ee0       0x34 c:/program files (x86)/atollic/truestudio for stm32 9.3.0/armtools/bin/../lib/gcc/arm-atollic-eabi/6.3.1/armv7e-m/fpu\libgcc.a(_udivmoddi4.o)
